{
    "definitions": {
        "parent": {
            "type": "object",
            "required": ["species"],
            "discriminator": {
                "propertyName": "type",
                "mapping": {
                    "cat": "#/components/schemas/cat",
                    "dog": "#/components/schemas/dog"
                }
            },
            "properties": {
                "name": { "type": "string" },
                "color": { "type": "string" },
                "species": { "type": "string" }
            },
            "oneOf": [
                {
                    "$ref": "#/definitions/cat"
                },
                {
                    "$ref": "#/definitions/dog"
                }
            ]
        },
        "cat": {
            "type": "object",
            "required": ["species"],
            "properties": {
                "name": { "type": "string" },
                "color": { "type": "string" },
                "species": { "type": "string" },
                "fur-length": { "type": "string " }
            }
        },
        "dog": {
            "type": "object",
            "required": ["species"],
            "properties": {
                "name": { "type": "string" },
                "color": { "type": "string" },
                "species": { "type": "string" },
                "hair-length": { "type": "string " }
            }
        }
    }
}
